Last login: Mon Feb 27 17:19:34 on ttys000
user@slocal ~ % cd /Users/omorales/Documents/AndroidWorkSpace/DSA\-Capstone/Baz\-Android\-Capstone
user@slocal Baz-Android-Capstone % ktlint -F "src/**/*.kt"
17:20:01.275 [main] WARN com.pinterest.ktlint.internal.KtlintCommandLine - No files matched [src/**/*.kt]
user@slocal Baz-Android-Capstone % ls
0-Coins		README.md	code-rubric.md
user@slocal Baz-Android-Capstone % cd 0-Coins
user@slocal 0-Coins % ls
README.md		gradle			local.properties
app			gradle.properties	settings.gradle
build			gradlew
build.gradle		gradlew.bat
user@slocal 0-Coins % cd app
user@slocal app % ls
build			libs			sampledata
build.gradle		proguard-rules.pro	src
user@slocal app % ktlint -F "src/**/*.kt"
/Users/omorales/Documents/AndroidWorkSpace/DSA-Capstone/Baz-Android-Capstone/0-Coins/app/src/androidTest/java/com/axiasoft/android/zerocoins/ui/features/available_books/domain/mappers/CoinImageKtTest.kt:2:9: Package name must not contain underscore (cannot be auto-corrected) (package-name)
/Users/omorales/Documents/AndroidWorkSpace/DSA-Capstone/Baz-Android-Capstone/0-Coins/app/src/test/java/com/axiasoft/android/zerocoins/ui/features/available_books/domain/repositories/order_book/RemoteOrderBooksRepositoryGetAvailableBooksTest.kt:1:9: Package name must not contain underscore (cannot be auto-corrected) (package-name)
/Users/omorales/Documents/AndroidWorkSpace/DSA-Capstone/Baz-Android-Capstone/0-Coins/app/src/test/java/com/axiasoft/android/zerocoins/ui/features/available_books/domain/repositories/order_book/RemoteOrderBooksRepositoryGetAvailableBooksTest.kt:8:1: Wildcard import (cannot be auto-corrected) (no-wildcard-imports)
/Users/omorales/Documents/AndroidWorkSpace/DSA-Capstone/Baz-Android-Capstone/0-Coins/app/src/test/java/com/axiasoft/android/zerocoins/ui/features/available_books/domain/repositories/order_book/RemoteOrderBooksRepositoryGetAsksAndBidsTest.kt:1:9: Package name must not contain underscore (cannot be auto-corrected) (package-name)
/Users/omorales/Documents/AndroidWorkSpace/DSA-Capstone/Baz-Android-Capstone/0-Coins/app/src/test/java/com/axiasoft/android/zerocoins/ui/features/available_books/domain/repositories/order_book/RemoteOrderBooksRepositoryGetTickerTest.kt:1:9: Package name must not contain underscore (cannot be auto-corrected) (package-name)
/Users/omorales/Documents/AndroidWorkSpace/DSA-Capstone/Baz-Android-Capstone/0-Coins/app/src/test/java/com/axiasoft/android/zerocoins/ui/features/available_books/domain/models/data/open_orders_book/AskTest.kt:1:9: Package name must not contain underscore (cannot be auto-corrected) (package-name)
/Users/omorales/Documents/AndroidWorkSpace/DSA-Capstone/Baz-Android-Capstone/0-Coins/app/src/test/java/com/axiasoft/android/zerocoins/ui/features/available_books/domain/models/data/open_orders_book/AskTest.kt:3:1: Wildcard import (cannot be auto-corrected) (no-wildcard-imports)
/Users/omorales/Documents/AndroidWorkSpace/DSA-Capstone/Baz-Android-Capstone/0-Coins/app/src/test/java/com/axiasoft/android/zerocoins/ExampleUnitTest.kt:3:1: Wildcard import (cannot be auto-corrected) (no-wildcard-imports)
/Users/omorales/Documents/AndroidWorkSpace/DSA-Capstone/Baz-Android-Capstone/0-Coins/app/src/main/java/com/axiasoft/android/zerocoins/ui/features/available_books/viewmodels/BookOrderViewModel.kt:1:9: Package name must not contain underscore (cannot be auto-corrected) (package-name)
/Users/omorales/Documents/AndroidWorkSpace/DSA-Capstone/Baz-Android-Capstone/0-Coins/app/src/main/java/com/axiasoft/android/zerocoins/ui/features/available_books/viewmodels/AvailableBooksViewModel.kt:1:9: Package name must not contain underscore (cannot be auto-corrected) (package-name)
/Users/omorales/Documents/AndroidWorkSpace/DSA-Capstone/Baz-Android-Capstone/0-Coins/app/src/main/java/com/axiasoft/android/zerocoins/ui/features/available_books/viewmodels/TickerViewModel.kt:1:9: Package name must not contain underscore (cannot be auto-corrected) (package-name)
/Users/omorales/Documents/AndroidWorkSpace/DSA-Capstone/Baz-Android-Capstone/0-Coins/app/src/main/java/com/axiasoft/android/zerocoins/ui/features/available_books/di/BitsoBooksModule.kt:1:9: Package name must not contain underscore (cannot be auto-corrected) (package-name)
/Users/omorales/Documents/AndroidWorkSpace/DSA-Capstone/Baz-Android-Capstone/0-Coins/app/src/main/java/com/axiasoft/android/zerocoins/ui/features/available_books/views/ui_states/BooksScreenState.kt:1:9: Package name must not contain underscore (cannot be auto-corrected) (package-name)
/Users/omorales/Documents/AndroidWorkSpace/DSA-Capstone/Baz-Android-Capstone/0-Coins/app/src/main/java/com/axiasoft/android/zerocoins/ui/features/available_books/views/ui_states/TickerScreenState.kt:1:9: Package name must not contain underscore (cannot be auto-corrected) (package-name)
/Users/omorales/Documents/AndroidWorkSpace/DSA-Capstone/Baz-Android-Capstone/0-Coins/app/src/main/java/com/axiasoft/android/zerocoins/ui/features/available_books/views/ui_states/ListOrderBookScreenState.kt:1:9: Package name must not contain underscore (cannot be auto-corrected) (package-name)
/Users/omorales/Documents/AndroidWorkSpace/DSA-Capstone/Baz-Android-Capstone/0-Coins/app/src/main/java/com/axiasoft/android/zerocoins/ui/features/available_books/views/fragments/BookOrderListFragment.kt:1:9: Package name must not contain underscore (cannot be auto-corrected) (package-name)
/Users/omorales/Documents/AndroidWorkSpace/DSA-Capstone/Baz-Android-Capstone/0-Coins/app/src/main/java/com/axiasoft/android/zerocoins/ui/features/available_books/views/fragments/TickerFragment.kt:1:9: Package name must not contain underscore (cannot be auto-corrected) (package-name)
/Users/omorales/Documents/AndroidWorkSpace/DSA-Capstone/Baz-Android-Capstone/0-Coins/app/src/main/java/com/axiasoft/android/zerocoins/ui/features/available_books/views/adapters/BookOrderAdapter.kt:1:9: Package name must not contain underscore (cannot be auto-corrected) (package-name)
/Users/omorales/Documents/AndroidWorkSpace/DSA-Capstone/Baz-Android-Capstone/0-Coins/app/src/main/java/com/axiasoft/android/zerocoins/ui/features/available_books/views/adapters/OpenOrdersInBookAdapter.kt:1:9: Package name must not contain underscore (cannot be auto-corrected) (package-name)
/Users/omorales/Documents/AndroidWorkSpace/DSA-Capstone/Baz-Android-Capstone/0-Coins/app/src/main/java/com/axiasoft/android/zerocoins/ui/features/available_books/views/activities/BookOrderActivity.kt:1:9: Package name must not contain underscore (cannot be auto-corrected) (package-name)
/Users/omorales/Documents/AndroidWorkSpace/DSA-Capstone/Baz-Android-Capstone/0-Coins/app/src/main/java/com/axiasoft/android/zerocoins/ui/features/available_books/domain/apis/BitsoOrderBooksApi.kt:1:9: Package name must not contain underscore (cannot be auto-corrected) (package-name)
/Users/omorales/Documents/AndroidWorkSpace/DSA-Capstone/Baz-Android-Capstone/0-Coins/app/src/main/java/com/axiasoft/android/zerocoins/ui/features/available_books/domain/repositories/order_book/RemoteOrderBooksRepositoryImpl.kt:1:9: Package name must not contain underscore (cannot be auto-corrected) (package-name)
/Users/omorales/Documents/AndroidWorkSpace/DSA-Capstone/Baz-Android-Capstone/0-Coins/app/src/main/java/com/axiasoft/android/zerocoins/ui/features/available_books/domain/repositories/order_book/RemoteOrderBooksRepository.kt:1:9: Package name must not contain underscore (cannot be auto-corrected) (package-name)
/Users/omorales/Documents/AndroidWorkSpace/DSA-Capstone/Baz-Android-Capstone/0-Coins/app/src/main/java/com/axiasoft/android/zerocoins/ui/features/available_books/domain/repositories/order_book/LocalOrderBookRepository.kt:1:9: Package name must not contain underscore (cannot be auto-corrected) (package-name)
/Users/omorales/Documents/AndroidWorkSpace/DSA-Capstone/Baz-Android-Capstone/0-Coins/app/src/main/java/com/axiasoft/android/zerocoins/ui/features/available_books/domain/repositories/order_book/LocalOrderBookRepositoryImpl.kt:1:9: Package name must not contain underscore (cannot be auto-corrected) (package-name)
/Users/omorales/Documents/AndroidWorkSpace/DSA-Capstone/Baz-Android-Capstone/0-Coins/app/src/main/java/com/axiasoft/android/zerocoins/ui/features/available_books/domain/models/data/exchange_order_book/response/ExchangeOrderBookResponse.kt:1:9: Package name must not contain underscore (cannot be auto-corrected) (package-name)
/Users/omorales/Documents/AndroidWorkSpace/DSA-Capstone/Baz-Android-Capstone/0-Coins/app/src/main/java/com/axiasoft/android/zerocoins/ui/features/available_books/domain/models/data/exchange_order_book/entity/ExchangeOrderBookEntity.kt:1:9: Package name must not contain underscore (cannot be auto-corrected) (package-name)
/Users/omorales/Documents/AndroidWorkSpace/DSA-Capstone/Baz-Android-Capstone/0-Coins/app/src/main/java/com/axiasoft/android/zerocoins/ui/features/available_books/domain/models/data/exchange_order_book/ExchangeOrderBook.kt:1:9: Package name must not contain underscore (cannot be auto-corrected) (package-name)
/Users/omorales/Documents/AndroidWorkSpace/DSA-Capstone/Baz-Android-Capstone/0-Coins/app/src/main/java/com/axiasoft/android/zerocoins/ui/features/available_books/domain/models/data/open_orders_book/response/BidsResponse.kt:1:9: Package name must not contain underscore (cannot be auto-corrected) (package-name)
/Users/omorales/Documents/AndroidWorkSpace/DSA-Capstone/Baz-Android-Capstone/0-Coins/app/src/main/java/com/axiasoft/android/zerocoins/ui/features/available_books/domain/models/data/open_orders_book/response/ListOrderBookResponse.kt:1:9: Package name must not contain underscore (cannot be auto-corrected) (package-name)
/Users/omorales/Documents/AndroidWorkSpace/DSA-Capstone/Baz-Android-Capstone/0-Coins/app/src/main/java/com/axiasoft/android/zerocoins/ui/features/available_books/domain/models/data/open_orders_book/response/AskResponse.kt:1:9: Package name must not contain underscore (cannot be auto-corrected) (package-name)
/Users/omorales/Documents/AndroidWorkSpace/DSA-Capstone/Baz-Android-Capstone/0-Coins/app/src/main/java/com/axiasoft/android/zerocoins/ui/features/available_books/domain/models/data/open_orders_book/OpenOrder.kt:1:9: Package name must not contain underscore (cannot be auto-corrected) (package-name)
/Users/omorales/Documents/AndroidWorkSpace/DSA-Capstone/Baz-Android-Capstone/0-Coins/app/src/main/java/com/axiasoft/android/zerocoins/ui/features/available_books/domain/models/data/open_orders_book/entity/AskEntity.kt:1:9: Package name must not contain underscore (cannot be auto-corrected) (package-name)
/Users/omorales/Documents/AndroidWorkSpace/DSA-Capstone/Baz-Android-Capstone/0-Coins/app/src/main/java/com/axiasoft/android/zerocoins/ui/features/available_books/domain/models/data/open_orders_book/entity/BidsEntity.kt:1:9: Package name must not contain underscore (cannot be auto-corrected) (package-name)
/Users/omorales/Documents/AndroidWorkSpace/DSA-Capstone/Baz-Android-Capstone/0-Coins/app/src/main/java/com/axiasoft/android/zerocoins/ui/features/available_books/domain/models/data/open_orders_book/Bids.kt:1:9: Package name must not contain underscore (cannot be auto-corrected) (package-name)
/Users/omorales/Documents/AndroidWorkSpace/DSA-Capstone/Baz-Android-Capstone/0-Coins/app/src/main/java/com/axiasoft/android/zerocoins/ui/features/available_books/domain/models/data/open_orders_book/Ask.kt:1:9: Package name must not contain underscore (cannot be auto-corrected) (package-name)
/Users/omorales/Documents/AndroidWorkSpace/DSA-Capstone/Baz-Android-Capstone/0-Coins/app/src/main/java/com/axiasoft/android/zerocoins/ui/features/available_books/domain/models/data/ticker/response/TickerResponse.kt:1:9: Package name must not contain underscore (cannot be auto-corrected) (package-name)
/Users/omorales/Documents/AndroidWorkSpace/DSA-Capstone/Baz-Android-Capstone/0-Coins/app/src/main/java/com/axiasoft/android/zerocoins/ui/features/available_books/domain/models/data/ticker/entity/TickerEntity.kt:1:9: Package name must not contain underscore (cannot be auto-corrected) (package-name)
/Users/omorales/Documents/AndroidWorkSpace/DSA-Capstone/Baz-Android-Capstone/0-Coins/app/src/main/java/com/axiasoft/android/zerocoins/ui/features/available_books/domain/models/data/ticker/Ticker.kt:1:9: Package name must not contain underscore (cannot be auto-corrected) (package-name)
/Users/omorales/Documents/AndroidWorkSpace/DSA-Capstone/Baz-Android-Capstone/0-Coins/app/src/main/java/com/axiasoft/android/zerocoins/ui/features/available_books/domain/mappers/BookOrderPropietiesMapper.kt:1:9: Package name must not contain underscore (cannot be auto-corrected) (package-name)
/Users/omorales/Documents/AndroidWorkSpace/DSA-Capstone/Baz-Android-Capstone/0-Coins/app/src/main/java/com/axiasoft/android/zerocoins/ui/features/available_books/domain/mappers/CoinImage.kt:1:9: Package name must not contain underscore (cannot be auto-corrected) (package-name)
/Users/omorales/Documents/AndroidWorkSpace/DSA-Capstone/Baz-Android-Capstone/0-Coins/app/src/main/java/com/axiasoft/android/zerocoins/ui/features/available_books/domain/mappers/CoinImage.kt:8:5: Enum entry name should be uppercase underscore-separated names like "ENUM_ENTRY" or upper camel-case like "EnumEntry" (cannot be auto-corrected) (enum-entry-name-case)
/Users/omorales/Documents/AndroidWorkSpace/DSA-Capstone/Baz-Android-Capstone/0-Coins/app/src/main/java/com/axiasoft/android/zerocoins/ui/features/available_books/domain/mappers/CoinImage.kt:9:5: Enum entry name should be uppercase underscore-separated names like "ENUM_ENTRY" or upper camel-case like "EnumEntry" (cannot be auto-corrected) (enum-entry-name-case)
/Users/omorales/Documents/AndroidWorkSpace/DSA-Capstone/Baz-Android-Capstone/0-Coins/app/src/main/java/com/axiasoft/android/zerocoins/ui/features/available_books/domain/mappers/CoinImage.kt:10:5: Enum entry name should be uppercase underscore-separated names like "ENUM_ENTRY" or upper camel-case like "EnumEntry" (cannot be auto-corrected) (enum-entry-name-case)
/Users/omorales/Documents/AndroidWorkSpace/DSA-Capstone/Baz-Android-Capstone/0-Coins/app/src/main/java/com/axiasoft/android/zerocoins/ui/features/available_books/domain/mappers/CoinImage.kt:11:5: Enum entry name should be uppercase underscore-separated names like "ENUM_ENTRY" or upper camel-case like "EnumEntry" (cannot be auto-corrected) (enum-entry-name-case)
/Users/omorales/Documents/AndroidWorkSpace/DSA-Capstone/Baz-Android-Capstone/0-Coins/app/src/main/java/com/axiasoft/android/zerocoins/ui/features/available_books/domain/mappers/CoinImage.kt:12:5: Enum entry name should be uppercase underscore-separated names like "ENUM_ENTRY" or upper camel-case like "EnumEntry" (cannot be auto-corrected) (enum-entry-name-case)
/Users/omorales/Documents/AndroidWorkSpace/DSA-Capstone/Baz-Android-Capstone/0-Coins/app/src/main/java/com/axiasoft/android/zerocoins/ui/features/available_books/domain/mappers/CoinImage.kt:13:5: Enum entry name should be uppercase underscore-separated names like "ENUM_ENTRY" or upper camel-case like "EnumEntry" (cannot be auto-corrected) (enum-entry-name-case)
/Users/omorales/Documents/AndroidWorkSpace/DSA-Capstone/Baz-Android-Capstone/0-Coins/app/src/main/java/com/axiasoft/android/zerocoins/ui/features/available_books/domain/mappers/CoinImage.kt:14:5: Enum entry name should be uppercase underscore-separated names like "ENUM_ENTRY" or upper camel-case like "EnumEntry" (cannot be auto-corrected) (enum-entry-name-case)
/Users/omorales/Documents/AndroidWorkSpace/DSA-Capstone/Baz-Android-Capstone/0-Coins/app/src/main/java/com/axiasoft/android/zerocoins/ui/features/available_books/domain/mappers/CoinImage.kt:15:5: Enum entry name should be uppercase underscore-separated names like "ENUM_ENTRY" or upper camel-case like "EnumEntry" (cannot be auto-corrected) (enum-entry-name-case)
/Users/omorales/Documents/AndroidWorkSpace/DSA-Capstone/Baz-Android-Capstone/0-Coins/app/src/main/java/com/axiasoft/android/zerocoins/ui/features/available_books/domain/mappers/CoinImage.kt:16:5: Enum entry name should be uppercase underscore-separated names like "ENUM_ENTRY" or upper camel-case like "EnumEntry" (cannot be auto-corrected) (enum-entry-name-case)
/Users/omorales/Documents/AndroidWorkSpace/DSA-Capstone/Baz-Android-Capstone/0-Coins/app/src/main/java/com/axiasoft/android/zerocoins/ui/features/available_books/domain/mappers/CoinImage.kt:17:5: Enum entry name should be uppercase underscore-separated names like "ENUM_ENTRY" or upper camel-case like "EnumEntry" (cannot be auto-corrected) (enum-entry-name-case)
/Users/omorales/Documents/AndroidWorkSpace/DSA-Capstone/Baz-Android-Capstone/0-Coins/app/src/main/java/com/axiasoft/android/zerocoins/ui/features/available_books/domain/mappers/CoinImage.kt:18:5: Enum entry name should be uppercase underscore-separated names like "ENUM_ENTRY" or upper camel-case like "EnumEntry" (cannot be auto-corrected) (enum-entry-name-case)
/Users/omorales/Documents/AndroidWorkSpace/DSA-Capstone/Baz-Android-Capstone/0-Coins/app/src/main/java/com/axiasoft/android/zerocoins/ui/features/available_books/domain/mappers/CoinImage.kt:20:5: Enum entry name should be uppercase underscore-separated names like "ENUM_ENTRY" or upper camel-case like "EnumEntry" (cannot be auto-corrected) (enum-entry-name-case)
/Users/omorales/Documents/AndroidWorkSpace/DSA-Capstone/Baz-Android-Capstone/0-Coins/app/src/main/java/com/axiasoft/android/zerocoins/ui/features/available_books/domain/mappers/CoinImage.kt:21:5: Enum entry name should be uppercase underscore-separated names like "ENUM_ENTRY" or upper camel-case like "EnumEntry" (cannot be auto-corrected) (enum-entry-name-case)
/Users/omorales/Documents/AndroidWorkSpace/DSA-Capstone/Baz-Android-Capstone/0-Coins/app/src/main/java/com/axiasoft/android/zerocoins/ui/features/available_books/domain/mappers/CoinImage.kt:22:5: Enum entry name should be uppercase underscore-separated names like "ENUM_ENTRY" or upper camel-case like "EnumEntry" (cannot be auto-corrected) (enum-entry-name-case)
/Users/omorales/Documents/AndroidWorkSpace/DSA-Capstone/Baz-Android-Capstone/0-Coins/app/src/main/java/com/axiasoft/android/zerocoins/ui/features/available_books/domain/mappers/CoinImage.kt:23:5: Enum entry name should be uppercase underscore-separated names like "ENUM_ENTRY" or upper camel-case like "EnumEntry" (cannot be auto-corrected) (enum-entry-name-case)
/Users/omorales/Documents/AndroidWorkSpace/DSA-Capstone/Baz-Android-Capstone/0-Coins/app/src/main/java/com/axiasoft/android/zerocoins/ui/features/available_books/domain/mappers/CoinImage.kt:25:5: Enum entry name should be uppercase underscore-separated names like "ENUM_ENTRY" or upper camel-case like "EnumEntry" (cannot be auto-corrected) (enum-entry-name-case)
/Users/omorales/Documents/AndroidWorkSpace/DSA-Capstone/Baz-Android-Capstone/0-Coins/app/src/main/java/com/axiasoft/android/zerocoins/ui/features/available_books/domain/mappers/CoinImage.kt:26:5: Enum entry name should be uppercase underscore-separated names like "ENUM_ENTRY" or upper camel-case like "EnumEntry" (cannot be auto-corrected) (enum-entry-name-case)
/Users/omorales/Documents/AndroidWorkSpace/DSA-Capstone/Baz-Android-Capstone/0-Coins/app/src/main/java/com/axiasoft/android/zerocoins/ui/features/available_books/domain/mappers/CoinImage.kt:27:5: Enum entry name should be uppercase underscore-separated names like "ENUM_ENTRY" or upper camel-case like "EnumEntry" (cannot be auto-corrected) (enum-entry-name-case)
/Users/omorales/Documents/AndroidWorkSpace/DSA-Capstone/Baz-Android-Capstone/0-Coins/app/src/main/java/com/axiasoft/android/zerocoins/ui/features/available_books/domain/mappers/CoinImage.kt:28:5: Enum entry name should be uppercase underscore-separated names like "ENUM_ENTRY" or upper camel-case like "EnumEntry" (cannot be auto-corrected) (enum-entry-name-case)
/Users/omorales/Documents/AndroidWorkSpace/DSA-Capstone/Baz-Android-Capstone/0-Coins/app/src/main/java/com/axiasoft/android/zerocoins/ui/features/available_books/domain/mappers/CoinImage.kt:30:5: Enum entry name should be uppercase underscore-separated names like "ENUM_ENTRY" or upper camel-case like "EnumEntry" (cannot be auto-corrected) (enum-entry-name-case)
/Users/omorales/Documents/AndroidWorkSpace/DSA-Capstone/Baz-Android-Capstone/0-Coins/app/src/main/java/com/axiasoft/android/zerocoins/ui/features/available_books/domain/mappers/CoinImage.kt:31:5: Enum entry name should be uppercase underscore-separated names like "ENUM_ENTRY" or upper camel-case like "EnumEntry" (cannot be auto-corrected) (enum-entry-name-case)
/Users/omorales/Documents/AndroidWorkSpace/DSA-Capstone/Baz-Android-Capstone/0-Coins/app/src/main/java/com/axiasoft/android/zerocoins/ui/features/available_books/domain/mappers/CoinImage.kt:32:5: Enum entry name should be uppercase underscore-separated names like "ENUM_ENTRY" or upper camel-case like "EnumEntry" (cannot be auto-corrected) (enum-entry-name-case)
/Users/omorales/Documents/AndroidWorkSpace/DSA-Capstone/Baz-Android-Capstone/0-Coins/app/src/main/java/com/axiasoft/android/zerocoins/ui/features/available_books/domain/mappers/CoinImage.kt:33:5: Enum entry name should be uppercase underscore-separated names like "ENUM_ENTRY" or upper camel-case like "EnumEntry" (cannot be auto-corrected) (enum-entry-name-case)
/Users/omorales/Documents/AndroidWorkSpace/DSA-Capstone/Baz-Android-Capstone/0-Coins/app/src/main/java/com/axiasoft/android/zerocoins/ui/features/available_books/domain/mappers/CoinImage.kt:35:5: Enum entry name should be uppercase underscore-separated names like "ENUM_ENTRY" or upper camel-case like "EnumEntry" (cannot be auto-corrected) (enum-entry-name-case)
/Users/omorales/Documents/AndroidWorkSpace/DSA-Capstone/Baz-Android-Capstone/0-Coins/app/src/main/java/com/axiasoft/android/zerocoins/ui/features/available_books/domain/mappers/ExchangeOrderBookExt.kt:1:9: Package name must not contain underscore (cannot be auto-corrected) (package-name)
/Users/omorales/Documents/AndroidWorkSpace/DSA-Capstone/Baz-Android-Capstone/0-Coins/app/src/main/java/com/axiasoft/android/zerocoins/ui/features/available_books/domain/mappers/TickerExt.kt:1:9: Package name must not contain underscore (cannot be auto-corrected) (package-name)
/Users/omorales/Documents/AndroidWorkSpace/DSA-Capstone/Baz-Android-Capstone/0-Coins/app/src/main/java/com/axiasoft/android/zerocoins/ui/features/available_books/domain/mappers/OpenOrderExt.kt:1:9: Package name must not contain underscore (cannot be auto-corrected) (package-name)
/Users/omorales/Documents/AndroidWorkSpace/DSA-Capstone/Baz-Android-Capstone/0-Coins/app/src/main/java/com/axiasoft/android/zerocoins/ui/features/available_books/domain/use_cases/GetTickerUseCase.kt:1:9: Package name must not contain underscore (cannot be auto-corrected) (package-name)
/Users/omorales/Documents/AndroidWorkSpace/DSA-Capstone/Baz-Android-Capstone/0-Coins/app/src/main/java/com/axiasoft/android/zerocoins/ui/features/available_books/domain/use_cases/GetListOrderBookUseCase.kt:1:9: Package name must not contain underscore (cannot be auto-corrected) (package-name)
/Users/omorales/Documents/AndroidWorkSpace/DSA-Capstone/Baz-Android-Capstone/0-Coins/app/src/main/java/com/axiasoft/android/zerocoins/ui/features/available_books/domain/use_cases/GetBooksUseCase.kt:1:9: Package name must not contain underscore (cannot be auto-corrected) (package-name)
/Users/omorales/Documents/AndroidWorkSpace/DSA-Capstone/Baz-Android-Capstone/0-Coins/app/src/main/java/com/axiasoft/android/zerocoins/network/app/LiveDataInternetConnections.kt:1:1: File 'LiveDataInternetConnections.kt' contains a single class and possibly also extension functions for that class and should be named same after that class 'InternetConnectionAvailableLiveData.kt' (cannot be auto-corrected) (filename)
/Users/omorales/Documents/AndroidWorkSpace/DSA-Capstone/Baz-Android-Capstone/0-Coins/app/src/main/java/com/axiasoft/android/zerocoins/db/bitso/dao/ExchangeOrderBookDao.kt:3:1: Wildcard import (cannot be auto-corrected) (no-wildcard-imports)
/Users/omorales/Documents/AndroidWorkSpace/DSA-Capstone/Baz-Android-Capstone/0-Coins/app/src/main/java/com/axiasoft/android/zerocoins/db/bitso/dao/AskDao.kt:4:1: Wildcard import (cannot be auto-corrected) (no-wildcard-imports)
/Users/omorales/Documents/AndroidWorkSpace/DSA-Capstone/Baz-Android-Capstone/0-Coins/app/src/main/java/com/axiasoft/android/zerocoins/db/bitso/dao/TickerDao.kt:4:1: Wildcard import (cannot be auto-corrected) (no-wildcard-imports)
/Users/omorales/Documents/AndroidWorkSpace/DSA-Capstone/Baz-Android-Capstone/0-Coins/app/src/main/java/com/axiasoft/android/zerocoins/db/bitso/dao/BidsDao.kt:4:1: Wildcard import (cannot be auto-corrected) (no-wildcard-imports)

Summary error count (descending) by rule:
  package-name: 44
  enum-entry-name-case: 24
  no-wildcard-imports: 7
  filename: 1
user@slocal app %
